// Jest Snapshot v1, https://goo.gl/fbAQLP

exports[`Render form, default 1`] = `"<form class=\\"ui form\\"><div><div name=\\"Foo\\"><div class=\\"ui field ui required\\"><label>S</label><input type=\\"text\\" value=\\"Ullamco eiusmod laborum.\\"></div><div class=\\"ui field\\"><label>B</label><div class=\\"ui toggle checkbox\\"><input type=\\"checkbox\\" value=\\"true\\" checked=\\"\\"><label></label></div></div><div class=\\"ui field ui required\\"><label>Dt</label><input type=\\"datetime-local\\" value=\\"2019-04-03T10:26:11\\"></div><div class=\\"ui field ui required\\"><label>I</label><input type=\\"number\\" value=\\"27587\\"></div><div class=\\"ui field ui required\\"><label>D</label><input type=\\"number\\" value=\\"70.808\\"></div><div class=\\"ui field ui required\\"><label>Bar</label><fieldset><div name=\\"Baz\\"><div class=\\"ui field ui required\\"><label>T</label><input type=\\"text\\" value=\\"Enim.\\"></div><div class=\\"ui field ui required\\"><label>S</label><input type=\\"text\\" value=\\"Magna amet sit.\\"></div></div></fieldset></div><div class=\\"ui field ui required\\"><label>Ss</label><fieldset><div><div class=\\"ui field ui required\\"><input type=\\"text\\" value=\\"Consectetur enim laborum Lorem fugiat.\\"></div><input type=\\"button\\" class=\\"ui fluid button\\" value=\\"Delete\\"></div></fieldset><input type=\\"button\\" class=\\"ui fluid button\\" value=\\"Add\\"></div><div class=\\"ui field ui required\\"><label>Bs</label><fieldset><div><div class=\\"[object Object]\\"><div class=\\"ui toggle checkbox\\"><input type=\\"checkbox\\" value=\\"false\\"><label></label></div></div><input type=\\"button\\" class=\\"ui fluid button\\" value=\\"Delete\\"></div></fieldset><input type=\\"button\\" class=\\"ui fluid button\\" value=\\"Add\\"></div><div class=\\"ui field ui required\\"><label>Dts</label><fieldset><div><div class=\\"ui field ui required\\"><input type=\\"datetime-local\\" value=\\"2019-04-03T10:26:11\\"></div><input type=\\"button\\" class=\\"ui fluid button\\" value=\\"Delete\\"></div></fieldset><input type=\\"button\\" class=\\"ui fluid button\\" value=\\"Add\\"></div><div class=\\"ui field ui required\\"><label>Bars</label><fieldset><div><fieldset><div name=\\"Baz\\"><div class=\\"ui field ui required\\"><label>T</label><input type=\\"text\\" value=\\"Laborum.\\"></div><div class=\\"ui field ui required\\"><label>S</label><input type=\\"text\\" value=\\"Ut mollit.\\"></div></div></fieldset><input type=\\"button\\" class=\\"ui fluid button\\" value=\\"Delete\\"></div></fieldset><input type=\\"button\\" class=\\"ui fluid button\\" value=\\"Add\\"></div><div class=\\"ui field ui required\\"><label>N</label><div class=\\"ui field\\"><select class=\\"ui fluid dropdown\\"><option value=\\"ONE\\">ONE</option><option value=\\"TWO\\">TWO</option></select></div></div><div class=\\"ui field ui required\\"><label>Ref</label><input type=\\"text\\" value=\\"resource:org.hyperledger.concerto.form.test.MyAsset#2256\\"></div></div></div></form>"`;
